---
source: libs/shell/src/sidebar_widget.rs
expression: test_bed.terminal.backend()
---
"╭─[1]─Workspace──────────────╮"
"│   test                     │"
"╰────────────────────────────╯"
"                              "
"                              "
"                              "
"                              "
"                              "
"                              "
"                              "
"                              "
"                              "
"                              "
"                              "
"                              "
"                              "
"                              "
"                              "
"                              "
"                              "
"                              "
"                              "
"                              "
"                              "
"                              "
"                              "
"                              "
"                              "
"                              "
"                              "
"                              "
"                              "
"                              "
"                              "
"                              "
"                              "
"                              "
"                              "
"                              "
"                              "
"                              "
"                              "
"                              "
"                              "
"                              "
"                              "
"                              "
"                              "
"                              "
"                              "
