---
source: libs/workspace/src/workspace_view_widget.rs
expression: test_bed.terminal.backend()
---
"╭─Workspace──────────────────────────────────────────────────╮"
"│                                                            │"
"│   _                     _   _                              │"
"│  | |                   | \ | |                             │"
"│  | |     __ _ _____   _|  \| |_  __                        │"
"│  | |    / _` |_  / | | | . ` \ \/ /                        │"
"│  | |___| (_| |/ /| |_| | |\  |>  <                         │"
"│  \_____/\__,_/___|\__, \_| \_/_/\_\                        │"
"│                    __/ |                                   │"
"│                   |___ /                                   │"
"│                                                            │"
"│  Copyright © 2025 Kerick Howlett                           │"
"│                                                            │"
"│                                                            │"
"│                                                            │"
"│                                                            │"
"│                                                            │"
"│                                                            │"
"│                                                            │"
"│                                                            │"
"│                                                            │"
"│                                                            │"
"│                                                            │"
"│                                                            │"
"│                                                            │"
"│                                                            │"
"│                                                            │"
"│                                                            │"
"│                                                            │"
"│                                                            │"
"│                                                            │"
"│                                                            │"
"│                                                            │"
"│                                                            │"
"│                                                            │"
"│                                                            │"
"│                                                            │"
"│                                                            │"
"│                                                            │"
"│                                                            │"
"│                                                            │"
"│                                                            │"
"│                                                            │"
"│                                                            │"
"│                                                            │"
"│                                                            │"
"│                                                            │"
"│                                                            │"
"│                                                            │"
"╰────────────────────────────────────────────────────────────╯"
